2026-06-30 12:31:49,930 p=19803 u=vadimglinsky n=ansible | [WARNING]: No inventory was parsed, only implicit localhost is available

2026-06-30 12:31:49,934 p=19803 u=vadimglinsky n=ansible | [WARNING]: provided hosts list is empty, only localhost is available. Note that
the implicit localhost does not match 'all'

2026-06-30 12:31:50,528 p=19803 u=vadimglinsky n=ansible | [WARNING]: While constructing a mapping from
/home/vadimglinsky/Resume/ansible/deploy-postgre-
cluster/roles/patroni/defaults/main.yml, line 2, column 1, found a duplicate
dict key (patroni_apt_packages). Using last defined value only.

2026-06-30 12:31:50,529 p=19803 u=vadimglinsky n=ansible | [WARNING]: While constructing a mapping from
/home/vadimglinsky/Resume/ansible/deploy-postgre-
cluster/roles/patroni/defaults/main.yml, line 2, column 1, found a duplicate
dict key (patroni_system_apt_packages). Using last defined value only.

2026-06-30 12:31:50,529 p=19803 u=vadimglinsky n=ansible | [WARNING]: While constructing a mapping from
/home/vadimglinsky/Resume/ansible/deploy-postgre-
cluster/roles/patroni/defaults/main.yml, line 2, column 1, found a duplicate
dict key (patroni_dcs_packages). Using last defined value only.

2026-06-30 12:31:50,617 p=19803 u=vadimglinsky n=ansible | [DEPRECATION WARNING]: community.general.yaml has been deprecated. The plugin 
has been superseded by the the option `result_format=yaml` in callback plugin 
ansible.builtin.default from ansible-core 2.13 onwards. This feature will be 
removed from community.general in version 13.0.0. Deprecation warnings can be 
disabled by setting deprecation_warnings=False in ansible.cfg.
2026-06-30 12:31:50,675 p=19803 u=vadimglinsky n=ansible | PLAY [SSH keys] ****************************************************************
2026-06-30 12:31:50,675 p=19803 u=vadimglinsky n=ansible | skipping: no hosts matched
2026-06-30 12:31:50,675 p=19803 u=vadimglinsky n=ansible | PLAY [Configure servers] *******************************************************
2026-06-30 12:31:50,675 p=19803 u=vadimglinsky n=ansible | skipping: no hosts matched
2026-06-30 12:31:50,676 p=19803 u=vadimglinsky n=ansible | [WARNING]: Could not match supplied host pattern, ignoring: consul_servers

2026-06-30 12:31:50,676 p=19803 u=vadimglinsky n=ansible | PLAY [Deploy Consul cluster] ***************************************************
2026-06-30 12:31:50,677 p=19803 u=vadimglinsky n=ansible | skipping: no hosts matched
2026-06-30 12:31:50,677 p=19803 u=vadimglinsky n=ansible | [WARNING]: Could not match supplied host pattern, ignoring: postgres_servers

2026-06-30 12:31:50,677 p=19803 u=vadimglinsky n=ansible | PLAY [Deploy PostgreSQL] *******************************************************
2026-06-30 12:31:50,678 p=19803 u=vadimglinsky n=ansible | skipping: no hosts matched
2026-06-30 12:31:50,678 p=19803 u=vadimglinsky n=ansible | PLAY [Deploy Patroni (HA management)] ******************************************
2026-06-30 12:31:50,678 p=19803 u=vadimglinsky n=ansible | skipping: no hosts matched
2026-06-30 12:31:50,678 p=19803 u=vadimglinsky n=ansible | PLAY RECAP *********************************************************************
2026-06-30 12:33:35,193 p=19888 u=vadimglinsky n=ansible | [WARNING]:  * Failed to parse /home/vadimglinsky/Resume/ansible/deploy-postgre-
cluster/inventory/hosts.yml with auto plugin: no root 'plugin' key found,
'/home/vadimglinsky/Resume/ansible/deploy-postgre-cluster/inventory/hosts.yml'
is not a valid YAML inventory plugin config file

2026-06-30 12:33:35,194 p=19888 u=vadimglinsky n=ansible | [WARNING]:  * Failed to parse /home/vadimglinsky/Resume/ansible/deploy-postgre-
cluster/inventory/hosts.yml with yaml plugin: Invalid "children" entry for
"patroni_servers" group, requires a dictionary, found "<class
'ansible.parsing.yaml.objects.AnsibleSequence'>" instead.

2026-06-30 12:33:35,194 p=19888 u=vadimglinsky n=ansible | [WARNING]:  * Failed to parse /home/vadimglinsky/Resume/ansible/deploy-postgre-
cluster/inventory/hosts.yml with ini plugin: Invalid host pattern '---'
supplied, '---' is normally a sign this is a YAML file.

2026-06-30 12:33:35,194 p=19888 u=vadimglinsky n=ansible | [WARNING]: Unable to parse /home/vadimglinsky/Resume/ansible/deploy-postgre-
cluster/inventory/hosts.yml as an inventory source

2026-06-30 12:33:35,194 p=19888 u=vadimglinsky n=ansible | [WARNING]: No inventory was parsed, only implicit localhost is available

2026-06-30 12:33:35,429 p=19888 u=vadimglinsky n=ansible | [WARNING]: While constructing a mapping from
/home/vadimglinsky/Resume/ansible/deploy-postgre-
cluster/roles/patroni/defaults/main.yml, line 2, column 1, found a duplicate
dict key (patroni_apt_packages). Using last defined value only.

2026-06-30 12:33:35,429 p=19888 u=vadimglinsky n=ansible | [WARNING]: While constructing a mapping from
/home/vadimglinsky/Resume/ansible/deploy-postgre-
cluster/roles/patroni/defaults/main.yml, line 2, column 1, found a duplicate
dict key (patroni_system_apt_packages). Using last defined value only.

2026-06-30 12:33:35,430 p=19888 u=vadimglinsky n=ansible | [WARNING]: While constructing a mapping from
/home/vadimglinsky/Resume/ansible/deploy-postgre-
cluster/roles/patroni/defaults/main.yml, line 2, column 1, found a duplicate
dict key (patroni_dcs_packages). Using last defined value only.

2026-06-30 12:33:35,465 p=19888 u=vadimglinsky n=ansible | [DEPRECATION WARNING]: community.general.yaml has been deprecated. The plugin 
has been superseded by the the option `result_format=yaml` in callback plugin 
ansible.builtin.default from ansible-core 2.13 onwards. This feature will be 
removed from community.general in version 13.0.0. Deprecation warnings can be 
disabled by setting deprecation_warnings=False in ansible.cfg.
2026-06-30 12:33:35,482 p=19888 u=vadimglinsky n=ansible | PLAY [SSH keys] ****************************************************************
2026-06-30 12:33:40,007 p=19888 u=vadimglinsky n=ansible | TASK [Gathering Facts] *********************************************************
2026-06-30 12:33:40,009 p=19888 u=vadimglinsky n=ansible | fatal: [node1]: UNREACHABLE! => changed=false 
  msg: |-
    Data could not be sent to remote host "192.168.174.135". Make sure this host can be reached over ssh: ssh: connect to host 192.168.174.135 port 22: Connection refused
  unreachable: true
2026-06-30 12:33:40,010 p=19888 u=vadimglinsky n=ansible | fatal: [node2]: UNREACHABLE! => changed=false 
  msg: |-
    Data could not be sent to remote host "192.168.174.136". Make sure this host can be reached over ssh: ssh: connect to host 192.168.174.136 port 22: Connection refused
  unreachable: true
2026-06-30 12:33:40,010 p=19888 u=vadimglinsky n=ansible | fatal: [node0]: UNREACHABLE! => changed=false 
  msg: |-
    Data could not be sent to remote host "192.168.174.134". Make sure this host can be reached over ssh: ssh: connect to host 192.168.174.134 port 22: Connection refused
  unreachable: true
2026-06-30 12:33:40,011 p=19888 u=vadimglinsky n=ansible | PLAY RECAP *********************************************************************
2026-06-30 12:33:40,012 p=19888 u=vadimglinsky n=ansible | node0                      : ok=0    changed=0    unreachable=1    failed=0    skipped=0    rescued=0    ignored=0   
2026-06-30 12:33:40,012 p=19888 u=vadimglinsky n=ansible | node1                      : ok=0    changed=0    unreachable=1    failed=0    skipped=0    rescued=0    ignored=0   
2026-06-30 12:33:40,012 p=19888 u=vadimglinsky n=ansible | node2                      : ok=0    changed=0    unreachable=1    failed=0    skipped=0    rescued=0    ignored=0   
2026-06-30 12:35:04,962 p=20068 u=vadimglinsky n=ansible | [WARNING]:  * Failed to parse /home/vadimglinsky/Resume/ansible/deploy-postgre-
cluster/inventory/hosts.yml with auto plugin: no root 'plugin' key found,
'/home/vadimglinsky/Resume/ansible/deploy-postgre-cluster/inventory/hosts.yml'
is not a valid YAML inventory plugin config file

2026-06-30 12:35:04,963 p=20068 u=vadimglinsky n=ansible | [WARNING]:  * Failed to parse /home/vadimglinsky/Resume/ansible/deploy-postgre-
cluster/inventory/hosts.yml with yaml plugin: Invalid "children" entry for
"patroni_servers" group, requires a dictionary, found "<class
'ansible.parsing.yaml.objects.AnsibleSequence'>" instead.

2026-06-30 12:35:04,963 p=20068 u=vadimglinsky n=ansible | [WARNING]:  * Failed to parse /home/vadimglinsky/Resume/ansible/deploy-postgre-
cluster/inventory/hosts.yml with ini plugin: Invalid host pattern '---'
supplied, '---' is normally a sign this is a YAML file.

2026-06-30 12:35:04,963 p=20068 u=vadimglinsky n=ansible | [WARNING]: Unable to parse /home/vadimglinsky/Resume/ansible/deploy-postgre-
cluster/inventory/hosts.yml as an inventory source

2026-06-30 12:35:04,963 p=20068 u=vadimglinsky n=ansible | [WARNING]: No inventory was parsed, only implicit localhost is available

2026-06-30 12:35:05,196 p=20068 u=vadimglinsky n=ansible | [WARNING]: While constructing a mapping from
/home/vadimglinsky/Resume/ansible/deploy-postgre-
cluster/roles/patroni/defaults/main.yml, line 2, column 1, found a duplicate
dict key (patroni_apt_packages). Using last defined value only.

2026-06-30 12:35:05,196 p=20068 u=vadimglinsky n=ansible | [WARNING]: While constructing a mapping from
/home/vadimglinsky/Resume/ansible/deploy-postgre-
cluster/roles/patroni/defaults/main.yml, line 2, column 1, found a duplicate
dict key (patroni_system_apt_packages). Using last defined value only.

2026-06-30 12:35:05,197 p=20068 u=vadimglinsky n=ansible | [WARNING]: While constructing a mapping from
/home/vadimglinsky/Resume/ansible/deploy-postgre-
cluster/roles/patroni/defaults/main.yml, line 2, column 1, found a duplicate
dict key (patroni_dcs_packages). Using last defined value only.

2026-06-30 12:35:05,231 p=20068 u=vadimglinsky n=ansible | [DEPRECATION WARNING]: community.general.yaml has been deprecated. The plugin 
has been superseded by the the option `result_format=yaml` in callback plugin 
ansible.builtin.default from ansible-core 2.13 onwards. This feature will be 
removed from community.general in version 13.0.0. Deprecation warnings can be 
disabled by setting deprecation_warnings=False in ansible.cfg.
2026-06-30 12:35:05,248 p=20068 u=vadimglinsky n=ansible | PLAY [SSH keys] ****************************************************************
2026-06-30 12:35:09,564 p=20068 u=vadimglinsky n=ansible | TASK [Gathering Facts] *********************************************************
2026-06-30 12:35:09,566 p=20068 u=vadimglinsky n=ansible | fatal: [node0]: UNREACHABLE! => changed=false 
  msg: |-
    Data could not be sent to remote host "192.168.174.134". Make sure this host can be reached over ssh: ssh: connect to host 192.168.174.134 port 22: Connection refused
  unreachable: true
2026-06-30 12:35:09,566 p=20068 u=vadimglinsky n=ansible | fatal: [node2]: UNREACHABLE! => changed=false 
  msg: |-
    Data could not be sent to remote host "192.168.174.136". Make sure this host can be reached over ssh: ssh: connect to host 192.168.174.136 port 22: Connection refused
  unreachable: true
2026-06-30 12:35:09,567 p=20068 u=vadimglinsky n=ansible | fatal: [node1]: UNREACHABLE! => changed=false 
  msg: |-
    Data could not be sent to remote host "192.168.174.135". Make sure this host can be reached over ssh: ssh: connect to host 192.168.174.135 port 22: Connection refused
  unreachable: true
2026-06-30 12:35:09,568 p=20068 u=vadimglinsky n=ansible | PLAY RECAP *********************************************************************
2026-06-30 12:35:09,568 p=20068 u=vadimglinsky n=ansible | node0                      : ok=0    changed=0    unreachable=1    failed=0    skipped=0    rescued=0    ignored=0   
2026-06-30 12:35:09,568 p=20068 u=vadimglinsky n=ansible | node1                      : ok=0    changed=0    unreachable=1    failed=0    skipped=0    rescued=0    ignored=0   
2026-06-30 12:35:09,568 p=20068 u=vadimglinsky n=ansible | node2                      : ok=0    changed=0    unreachable=1    failed=0    skipped=0    rescued=0    ignored=0   
2026-06-30 12:35:35,171 p=20180 u=vadimglinsky n=ansible | [WARNING]: While constructing a mapping from
/home/vadimglinsky/Resume/ansible/deploy-postgre-
cluster/roles/patroni/defaults/main.yml, line 2, column 1, found a duplicate
dict key (patroni_apt_packages). Using last defined value only.

2026-06-30 12:35:35,171 p=20180 u=vadimglinsky n=ansible | [WARNING]: While constructing a mapping from
/home/vadimglinsky/Resume/ansible/deploy-postgre-
cluster/roles/patroni/defaults/main.yml, line 2, column 1, found a duplicate
dict key (patroni_system_apt_packages). Using last defined value only.

2026-06-30 12:35:35,171 p=20180 u=vadimglinsky n=ansible | [WARNING]: While constructing a mapping from
/home/vadimglinsky/Resume/ansible/deploy-postgre-
cluster/roles/patroni/defaults/main.yml, line 2, column 1, found a duplicate
dict key (patroni_dcs_packages). Using last defined value only.

2026-06-30 12:35:35,206 p=20180 u=vadimglinsky n=ansible | [DEPRECATION WARNING]: community.general.yaml has been deprecated. The plugin 
has been superseded by the the option `result_format=yaml` in callback plugin 
ansible.builtin.default from ansible-core 2.13 onwards. This feature will be 
removed from community.general in version 13.0.0. Deprecation warnings can be 
disabled by setting deprecation_warnings=False in ansible.cfg.
2026-06-30 12:35:35,225 p=20180 u=vadimglinsky n=ansible | PLAY [SSH keys] ****************************************************************
2026-06-30 12:35:36,910 p=20180 u=vadimglinsky n=ansible |  [ERROR]: User interrupted execution

2026-06-30 12:37:05,417 p=20346 u=vadimglinsky n=ansible | PLAY [SSH keys] ****************************************************************
2026-06-30 12:37:09,726 p=20346 u=vadimglinsky n=ansible | TASK [Gathering Facts] *********************************************************
2026-06-30 12:37:09,728 p=20346 u=vadimglinsky n=ansible | fatal: [node0]: UNREACHABLE! => {"changed": false, "msg": "Data could not be sent to remote host \"192.168.174.134\". Make sure this host can be reached over ssh: ssh: connect to host 192.168.174.134 port 22: Connection refused\r\n", "unreachable": true}
2026-06-30 12:37:09,728 p=20346 u=vadimglinsky n=ansible | fatal: [node1]: UNREACHABLE! => {"changed": false, "msg": "Data could not be sent to remote host \"192.168.174.135\". Make sure this host can be reached over ssh: ssh: connect to host 192.168.174.135 port 22: Connection refused\r\n", "unreachable": true}
2026-06-30 12:37:09,728 p=20346 u=vadimglinsky n=ansible | fatal: [node2]: UNREACHABLE! => {"changed": false, "msg": "Data could not be sent to remote host \"192.168.174.136\". Make sure this host can be reached over ssh: ssh: connect to host 192.168.174.136 port 22: Connection refused\r\n", "unreachable": true}
2026-06-30 12:37:09,729 p=20346 u=vadimglinsky n=ansible | PLAY RECAP *********************************************************************
2026-06-30 12:37:09,730 p=20346 u=vadimglinsky n=ansible | node0                      : ok=0    changed=0    unreachable=1    failed=0    skipped=0    rescued=0    ignored=0   
2026-06-30 12:37:09,730 p=20346 u=vadimglinsky n=ansible | node1                      : ok=0    changed=0    unreachable=1    failed=0    skipped=0    rescued=0    ignored=0   
2026-06-30 12:37:09,730 p=20346 u=vadimglinsky n=ansible | node2                      : ok=0    changed=0    unreachable=1    failed=0    skipped=0    rescued=0    ignored=0   
2026-06-30 12:41:05,897 p=20528 u=vadimglinsky n=ansible | PLAY [SSH keys] ****************************************************************
2026-06-30 12:41:10,958 p=20528 u=vadimglinsky n=ansible | TASK [Gathering Facts] *********************************************************
2026-06-30 12:41:10,960 p=20528 u=vadimglinsky n=ansible | fatal: [node0]: UNREACHABLE! => {"changed": false, "msg": "Data could not be sent to remote host \"192.168.174.134\". Make sure this host can be reached over ssh: ubuntu@192.168.174.134: Permission denied (publickey,password).\r\n", "unreachable": true}
2026-06-30 12:41:11,024 p=20528 u=vadimglinsky n=ansible | fatal: [node2]: UNREACHABLE! => {"changed": false, "msg": "Data could not be sent to remote host \"192.168.174.136\". Make sure this host can be reached over ssh: ubuntu@192.168.174.136: Permission denied (publickey,password).\r\n", "unreachable": true}
2026-06-30 12:41:11,521 p=20528 u=vadimglinsky n=ansible | fatal: [node1]: UNREACHABLE! => {"changed": false, "msg": "Data could not be sent to remote host \"192.168.174.135\". Make sure this host can be reached over ssh: ssh: connect to host 192.168.174.135 port 22: Connection refused\r\n", "unreachable": true}
2026-06-30 12:41:11,522 p=20528 u=vadimglinsky n=ansible | PLAY RECAP *********************************************************************
2026-06-30 12:41:11,523 p=20528 u=vadimglinsky n=ansible | node0                      : ok=0    changed=0    unreachable=1    failed=0    skipped=0    rescued=0    ignored=0   
2026-06-30 12:41:11,523 p=20528 u=vadimglinsky n=ansible | node1                      : ok=0    changed=0    unreachable=1    failed=0    skipped=0    rescued=0    ignored=0   
2026-06-30 12:41:11,523 p=20528 u=vadimglinsky n=ansible | node2                      : ok=0    changed=0    unreachable=1    failed=0    skipped=0    rescued=0    ignored=0   
2026-06-30 12:41:50,953 p=20638 u=vadimglinsky n=ansible | PLAY [SSH keys] ****************************************************************
2026-06-30 12:41:55,265 p=20638 u=vadimglinsky n=ansible | TASK [Gathering Facts] *********************************************************
2026-06-30 12:41:55,267 p=20638 u=vadimglinsky n=ansible | fatal: [node1]: UNREACHABLE! => {"changed": false, "msg": "Data could not be sent to remote host \"192.168.174.135\". Make sure this host can be reached over ssh: ssh: connect to host 192.168.174.135 port 22: Connection refused\r\n", "unreachable": true}
2026-06-30 12:41:55,979 p=20638 u=vadimglinsky n=ansible | fatal: [node2]: UNREACHABLE! => {"changed": false, "msg": "Data could not be sent to remote host \"192.168.174.136\". Make sure this host can be reached over ssh: ubuntu@192.168.174.136: Permission denied (publickey,password).\r\n", "unreachable": true}
2026-06-30 12:41:55,980 p=20638 u=vadimglinsky n=ansible | fatal: [node0]: UNREACHABLE! => {"changed": false, "msg": "Data could not be sent to remote host \"192.168.174.134\". Make sure this host can be reached over ssh: ubuntu@192.168.174.134: Permission denied (publickey,password).\r\n", "unreachable": true}
2026-06-30 12:41:55,981 p=20638 u=vadimglinsky n=ansible | PLAY RECAP *********************************************************************
2026-06-30 12:41:55,982 p=20638 u=vadimglinsky n=ansible | node0                      : ok=0    changed=0    unreachable=1    failed=0    skipped=0    rescued=0    ignored=0   
2026-06-30 12:41:55,982 p=20638 u=vadimglinsky n=ansible | node1                      : ok=0    changed=0    unreachable=1    failed=0    skipped=0    rescued=0    ignored=0   
2026-06-30 12:41:55,982 p=20638 u=vadimglinsky n=ansible | node2                      : ok=0    changed=0    unreachable=1    failed=0    skipped=0    rescued=0    ignored=0   
2026-06-30 12:53:11,838 p=21080 u=vadimglinsky n=ansible | PLAY [SSH keys] ****************************************************************
2026-06-30 12:53:16,888 p=21080 u=vadimglinsky n=ansible | TASK [Gathering Facts] *********************************************************
2026-06-30 12:53:16,890 p=21080 u=vadimglinsky n=ansible | fatal: [node2]: UNREACHABLE! => {"changed": false, "msg": "Data could not be sent to remote host \"192.168.174.136\". Make sure this host can be reached over ssh: ubuntu@192.168.174.136: Permission denied (publickey,password).\r\n", "unreachable": true}
2026-06-30 12:53:16,890 p=21080 u=vadimglinsky n=ansible | fatal: [node0]: UNREACHABLE! => {"changed": false, "msg": "Data could not be sent to remote host \"192.168.174.134\". Make sure this host can be reached over ssh: ubuntu@192.168.174.134: Permission denied (publickey,password).\r\n", "unreachable": true}
2026-06-30 12:53:16,908 p=21080 u=vadimglinsky n=ansible | fatal: [node1]: UNREACHABLE! => {"changed": false, "msg": "Data could not be sent to remote host \"192.168.174.135\". Make sure this host can be reached over ssh: ubuntu@192.168.174.135: Permission denied (publickey,password).\r\n", "unreachable": true}
2026-06-30 12:53:16,910 p=21080 u=vadimglinsky n=ansible | PLAY RECAP *********************************************************************
2026-06-30 12:53:16,910 p=21080 u=vadimglinsky n=ansible | node0                      : ok=0    changed=0    unreachable=1    failed=0    skipped=0    rescued=0    ignored=0   
2026-06-30 12:53:16,910 p=21080 u=vadimglinsky n=ansible | node1                      : ok=0    changed=0    unreachable=1    failed=0    skipped=0    rescued=0    ignored=0   
2026-06-30 12:53:16,911 p=21080 u=vadimglinsky n=ansible | node2                      : ok=0    changed=0    unreachable=1    failed=0    skipped=0    rescued=0    ignored=0   
2026-06-30 12:53:51,196 p=21186 u=vadimglinsky n=ansible | PLAY [SSH keys] ****************************************************************
2026-06-30 12:53:51,802 p=21186 u=vadimglinsky n=ansible | TASK [Gathering Facts] *********************************************************
2026-06-30 12:53:51,803 p=21186 u=vadimglinsky n=ansible | fatal: [node1]: FAILED! => {"ansible_facts": {}, "changed": false, "failed_modules": {"ansible.legacy.setup": {"failed": true, "module_stderr": "sudo-rs: interactive authentication is required\n", "module_stdout": "", "msg": "MODULE FAILURE\nSee stdout/stderr for the exact error", "rc": 1}}, "msg": "The following modules failed to execute: ansible.legacy.setup\n"}
2026-06-30 12:53:51,804 p=21186 u=vadimglinsky n=ansible | fatal: [node2]: FAILED! => {"ansible_facts": {}, "changed": false, "failed_modules": {"ansible.legacy.setup": {"failed": true, "module_stderr": "sudo-rs: interactive authentication is required\n", "module_stdout": "", "msg": "MODULE FAILURE\nSee stdout/stderr for the exact error", "rc": 1}}, "msg": "The following modules failed to execute: ansible.legacy.setup\n"}
2026-06-30 12:53:51,807 p=21186 u=vadimglinsky n=ansible | fatal: [node0]: FAILED! => {"ansible_facts": {}, "changed": false, "failed_modules": {"ansible.legacy.setup": {"failed": true, "module_stderr": "sudo-rs: interactive authentication is required\n", "module_stdout": "", "msg": "MODULE FAILURE\nSee stdout/stderr for the exact error", "rc": 1}}, "msg": "The following modules failed to execute: ansible.legacy.setup\n"}
2026-06-30 12:53:51,808 p=21186 u=vadimglinsky n=ansible | PLAY RECAP *********************************************************************
2026-06-30 12:53:51,809 p=21186 u=vadimglinsky n=ansible | node0                      : ok=0    changed=0    unreachable=0    failed=1    skipped=0    rescued=0    ignored=0   
2026-06-30 12:53:51,809 p=21186 u=vadimglinsky n=ansible | node1                      : ok=0    changed=0    unreachable=0    failed=1    skipped=0    rescued=0    ignored=0   
2026-06-30 12:53:51,809 p=21186 u=vadimglinsky n=ansible | node2                      : ok=0    changed=0    unreachable=0    failed=1    skipped=0    rescued=0    ignored=0   
2026-06-30 12:54:33,167 p=21263 u=vadimglinsky n=ansible | PLAY [SSH keys] ****************************************************************
2026-06-30 12:56:18,522 p=21263 u=vadimglinsky n=ansible |  [ERROR]: User interrupted execution

2026-06-30 12:56:28,467 p=21510 u=vadimglinsky n=ansible | PLAY [SSH keys] ****************************************************************
2026-06-30 12:56:38,248 p=21510 u=vadimglinsky n=ansible |  [ERROR]: User interrupted execution

2026-06-30 12:56:40,921 p=21593 u=vadimglinsky n=ansible | ansible-playbook [core 2.16.3]
  config file = /home/vadimglinsky/Resume/ansible/deploy-postgre-cluster/ansible.cfg
  configured module search path = ['/home/vadimglinsky/.ansible/plugins/modules', '/usr/share/ansible/plugins/modules']
  ansible python module location = /usr/lib/python3/dist-packages/ansible
  ansible collection location = /home/vadimglinsky/.ansible/collections:/usr/share/ansible/collections
  executable location = /usr/bin/ansible-playbook
  python version = 3.12.3 (main, Mar 23 2026, 19:04:32) [GCC 13.3.0] (/usr/bin/python3)
  jinja version = 3.1.2
  libyaml = True
2026-06-30 12:56:40,921 p=21593 u=vadimglinsky n=ansible | Using /home/vadimglinsky/Resume/ansible/deploy-postgre-cluster/ansible.cfg as config file
2026-06-30 12:56:44,257 p=21593 u=vadimglinsky n=ansible | host_list declined parsing /home/vadimglinsky/Resume/ansible/deploy-postgre-cluster/inventory/hosts.yml as it did not pass its verify_file() method
2026-06-30 12:56:44,257 p=21593 u=vadimglinsky n=ansible | script declined parsing /home/vadimglinsky/Resume/ansible/deploy-postgre-cluster/inventory/hosts.yml as it did not pass its verify_file() method
2026-06-30 12:56:44,261 p=21593 u=vadimglinsky n=ansible | Parsed /home/vadimglinsky/Resume/ansible/deploy-postgre-cluster/inventory/hosts.yml inventory source with yaml plugin
2026-06-30 12:56:44,424 p=21593 u=vadimglinsky n=ansible | redirecting (type: modules) ansible.builtin.authorized_key to ansible.posix.authorized_key
2026-06-30 12:56:44,443 p=21593 u=vadimglinsky n=ansible | statically imported: /home/vadimglinsky/Resume/ansible/deploy-postgre-cluster/roles/consul/tasks/asserts.yml
2026-06-30 12:56:44,453 p=21593 u=vadimglinsky n=ansible | statically imported: /home/vadimglinsky/Resume/ansible/deploy-postgre-cluster/roles/consul/tasks/services.yml
2026-06-30 12:56:44,463 p=21593 u=vadimglinsky n=ansible | statically imported: /home/vadimglinsky/Resume/ansible/deploy-postgre-cluster/roles/consul/handlers/restart_consul.yml
2026-06-30 12:56:44,467 p=21593 u=vadimglinsky n=ansible | statically imported: /home/vadimglinsky/Resume/ansible/deploy-postgre-cluster/roles/consul/handlers/start_consul.yml
2026-06-30 12:56:44,470 p=21593 u=vadimglinsky n=ansible | statically imported: /home/vadimglinsky/Resume/ansible/deploy-postgre-cluster/roles/consul/handlers/reload_consul_conf.yml
2026-06-30 12:56:44,472 p=21593 u=vadimglinsky n=ansible | statically imported: /home/vadimglinsky/Resume/ansible/deploy-postgre-cluster/roles/consul/handlers/restart_rsyslog.yml
2026-06-30 12:56:44,474 p=21593 u=vadimglinsky n=ansible | statically imported: /home/vadimglinsky/Resume/ansible/deploy-postgre-cluster/roles/consul/handlers/restart_syslogng.yml
2026-06-30 12:56:44,475 p=21593 u=vadimglinsky n=ansible | statically imported: /home/vadimglinsky/Resume/ansible/deploy-postgre-cluster/roles/consul/handlers/restart_syslogng.yml
2026-06-30 12:56:44,477 p=21593 u=vadimglinsky n=ansible | statically imported: /home/vadimglinsky/Resume/ansible/deploy-postgre-cluster/roles/consul/handlers/start_snapshot.yml
2026-06-30 12:56:44,486 p=21593 u=vadimglinsky n=ansible | statically imported: /home/vadimglinsky/Resume/ansible/deploy-postgre-cluster/roles/postgresql/tasks/users.yml
2026-06-30 12:56:44,487 p=21593 u=vadimglinsky n=ansible | redirecting (type: modules) ansible.builtin.postgresql_user to community.postgresql.postgresql_user
2026-06-30 12:56:44,490 p=21593 u=vadimglinsky n=ansible | statically imported: /home/vadimglinsky/Resume/ansible/deploy-postgre-cluster/roles/postgresql/tasks/databases.yml
2026-06-30 12:56:44,490 p=21593 u=vadimglinsky n=ansible | redirecting (type: modules) ansible.builtin.postgresql_db to community.postgresql.postgresql_db
2026-06-30 12:56:44,493 p=21593 u=vadimglinsky n=ansible | statically imported: /home/vadimglinsky/Resume/ansible/deploy-postgre-cluster/roles/postgresql/tasks/users_props.yml
2026-06-30 12:56:44,494 p=21593 u=vadimglinsky n=ansible | redirecting (type: modules) ansible.builtin.postgresql_user to community.postgresql.postgresql_user
2026-06-30 12:56:44,495 p=21593 u=vadimglinsky n=ansible | redirecting (type: modules) ansible.builtin.postgresql_privs to community.postgresql.postgresql_privs
2026-06-30 12:56:44,507 p=21593 u=vadimglinsky n=ansible | statically imported: /home/vadimglinsky/Resume/ansible/deploy-postgre-cluster/roles/patroni/tasks/install.yml
2026-06-30 12:56:44,509 p=21593 u=vadimglinsky n=ansible | statically imported: /home/vadimglinsky/Resume/ansible/deploy-postgre-cluster/roles/patroni/tasks/user.yml
2026-06-30 12:56:44,512 p=21593 u=vadimglinsky n=ansible | statically imported: /home/vadimglinsky/Resume/ansible/deploy-postgre-cluster/roles/patroni/tasks/postgresql.yml
2026-06-30 12:56:44,515 p=21593 u=vadimglinsky n=ansible | statically imported: /home/vadimglinsky/Resume/ansible/deploy-postgre-cluster/roles/patroni/tasks/watchdog.yml
2026-06-30 12:56:44,520 p=21593 u=vadimglinsky n=ansible | statically imported: /home/vadimglinsky/Resume/ansible/deploy-postgre-cluster/roles/patroni/tasks/configure.yml
2026-06-30 12:56:44,540 p=21593 u=vadimglinsky n=ansible | Skipping callback 'default', as we already have a stdout callback.
2026-06-30 12:56:44,540 p=21593 u=vadimglinsky n=ansible | Skipping callback 'minimal', as we already have a stdout callback.
2026-06-30 12:56:44,540 p=21593 u=vadimglinsky n=ansible | Skipping callback 'oneline', as we already have a stdout callback.
2026-06-30 12:56:44,541 p=21593 u=vadimglinsky n=ansible | PLAYBOOK: site.yml *************************************************************
2026-06-30 12:56:44,541 p=21593 u=vadimglinsky n=ansible | 5 plays in site.yml
2026-06-30 12:56:44,542 p=21593 u=vadimglinsky n=ansible | PLAY [SSH keys] ****************************************************************
2026-06-30 12:56:44,806 p=21593 u=vadimglinsky n=ansible | Using module file /usr/lib/python3/dist-packages/ansible/modules/setup.py
2026-06-30 12:56:44,807 p=21593 u=vadimglinsky n=ansible | Pipelining is enabled.
2026-06-30 12:56:44,807 p=21593 u=vadimglinsky n=ansible | Using module file /usr/lib/python3/dist-packages/ansible/modules/setup.py
2026-06-30 12:56:44,807 p=21593 u=vadimglinsky n=ansible | Pipelining is enabled.
2026-06-30 12:56:44,807 p=21593 u=vadimglinsky n=ansible | Using module file /usr/lib/python3/dist-packages/ansible/modules/setup.py
2026-06-30 12:56:44,807 p=21593 u=vadimglinsky n=ansible | <192.168.174.134> ESTABLISH SSH CONNECTION FOR USER: ubuntu
2026-06-30 12:56:44,808 p=21593 u=vadimglinsky n=ansible | Pipelining is enabled.
2026-06-30 12:56:44,808 p=21593 u=vadimglinsky n=ansible | <192.168.174.135> ESTABLISH SSH CONNECTION FOR USER: ubuntu
2026-06-30 12:56:44,808 p=21593 u=vadimglinsky n=ansible | <192.168.174.134> SSH: EXEC ssh -C -o ControlMaster=auto -o ControlPersist=60s -o StrictHostKeyChecking=no -o 'IdentityFile="/home/vadimglinsky/.ssh/id_rsa"' -o KbdInteractiveAuthentication=no -o PreferredAuthentications=gssapi-with-mic,gssapi-keyex,hostbased,publickey -o PasswordAuthentication=no -o 'User="ubuntu"' -o ConnectTimeout=30 -o 'ControlPath="/home/vadimglinsky/.ansible/cp/ccf4f1155d"' 192.168.174.134 '/bin/sh -c '"'"'sudo -H -S -p "[sudo via ansible, key=pjsxxwmsdzyltshoswvlheqikdqjxxnk] password:" -u root /bin/sh -c '"'"'"'"'"'"'"'"'echo BECOME-SUCCESS-pjsxxwmsdzyltshoswvlheqikdqjxxnk ; /usr/bin/python3'"'"'"'"'"'"'"'"' && sleep 0'"'"''
2026-06-30 12:56:44,808 p=21593 u=vadimglinsky n=ansible | <192.168.174.136> ESTABLISH SSH CONNECTION FOR USER: ubuntu
2026-06-30 12:56:44,808 p=21593 u=vadimglinsky n=ansible | <192.168.174.135> SSH: EXEC ssh -C -o ControlMaster=auto -o ControlPersist=60s -o StrictHostKeyChecking=no -o 'IdentityFile="/home/vadimglinsky/.ssh/id_rsa"' -o KbdInteractiveAuthentication=no -o PreferredAuthentications=gssapi-with-mic,gssapi-keyex,hostbased,publickey -o PasswordAuthentication=no -o 'User="ubuntu"' -o ConnectTimeout=30 -o 'ControlPath="/home/vadimglinsky/.ansible/cp/44b4c32273"' 192.168.174.135 '/bin/sh -c '"'"'sudo -H -S -p "[sudo via ansible, key=coffnkfnfwjfruwtpxtbocgbwsgspunw] password:" -u root /bin/sh -c '"'"'"'"'"'"'"'"'echo BECOME-SUCCESS-coffnkfnfwjfruwtpxtbocgbwsgspunw ; /usr/bin/python3'"'"'"'"'"'"'"'"' && sleep 0'"'"''
2026-06-30 12:56:44,809 p=21593 u=vadimglinsky n=ansible | <192.168.174.136> SSH: EXEC ssh -C -o ControlMaster=auto -o ControlPersist=60s -o StrictHostKeyChecking=no -o 'IdentityFile="/home/vadimglinsky/.ssh/id_rsa"' -o KbdInteractiveAuthentication=no -o PreferredAuthentications=gssapi-with-mic,gssapi-keyex,hostbased,publickey -o PasswordAuthentication=no -o 'User="ubuntu"' -o ConnectTimeout=30 -o 'ControlPath="/home/vadimglinsky/.ansible/cp/352649776b"' 192.168.174.136 '/bin/sh -c '"'"'sudo -H -S -p "[sudo via ansible, key=cywerajqasqqugdkozfqppscukzjdfvz] password:" -u root /bin/sh -c '"'"'"'"'"'"'"'"'echo BECOME-SUCCESS-cywerajqasqqugdkozfqppscukzjdfvz ; /usr/bin/python3'"'"'"'"'"'"'"'"' && sleep 0'"'"''
2026-06-30 12:57:16,841 p=21593 u=vadimglinsky n=ansible | <192.168.174.134> ssh_retry: attempt: 1, caught exception(Timeout (32s) waiting for privilege escalation prompt: ) from cmd ([b'ssh', b'-C', b'-o', b'ControlMaster=auto', b'-o', b'ControlPersist=60s', b'-o', b'StrictHostKeyChecking=no', b'-o', b'IdentityFile="/home/vadimglinsky/.ssh/id_rsa"', b'-o', b'KbdInteractiveAuthentication=no', b'-o', b'PreferredAuthentications=gssapi-with-mic,gssapi-keyex,hostbased,publickey', b'-o', b'PasswordAuthentication=no', b'-o', b'User="ubuntu"', b'-o', b'ConnectTimeout=30', b'-o', b'ControlPath="/home/vadimglinsky/.ansible/cp/ccf4f1155d"', b'192.168.174.134', b'/bin/sh -c \'sudo -H -S -p "[sudo via ansible, key=pjsxxwmsdzyltshoswvlheqikdqjxxnk] password:" -u root /bin/sh -c \'"\'"\'echo BECOME-SUCCESS-pjsxxwmsdzyltshoswvlheqikdqjxxnk ; /usr/bin/python3\'"\'"\' && sleep 0\'']...), pausing for 0 seconds
2026-06-30 12:57:16,843 p=21593 u=vadimglinsky n=ansible | <192.168.174.134> SSH: EXEC ssh -C -o ControlMaster=auto -o ControlPersist=60s -o StrictHostKeyChecking=no -o 'IdentityFile="/home/vadimglinsky/.ssh/id_rsa"' -o KbdInteractiveAuthentication=no -o PreferredAuthentications=gssapi-with-mic,gssapi-keyex,hostbased,publickey -o PasswordAuthentication=no -o 'User="ubuntu"' -o ConnectTimeout=30 -o 'ControlPath="/home/vadimglinsky/.ansible/cp/ccf4f1155d"' 192.168.174.134 '/bin/sh -c '"'"'sudo -H -S -p "[sudo via ansible, key=pjsxxwmsdzyltshoswvlheqikdqjxxnk] password:" -u root /bin/sh -c '"'"'"'"'"'"'"'"'echo BECOME-SUCCESS-pjsxxwmsdzyltshoswvlheqikdqjxxnk ; /usr/bin/python3'"'"'"'"'"'"'"'"' && sleep 0'"'"''
2026-06-30 12:57:16,868 p=21593 u=vadimglinsky n=ansible | <192.168.174.136> ssh_retry: attempt: 1, caught exception(Timeout (32s) waiting for privilege escalation prompt: ) from cmd ([b'ssh', b'-C', b'-o', b'ControlMaster=auto', b'-o', b'ControlPersist=60s', b'-o', b'StrictHostKeyChecking=no', b'-o', b'IdentityFile="/home/vadimglinsky/.ssh/id_rsa"', b'-o', b'KbdInteractiveAuthentication=no', b'-o', b'PreferredAuthentications=gssapi-with-mic,gssapi-keyex,hostbased,publickey', b'-o', b'PasswordAuthentication=no', b'-o', b'User="ubuntu"', b'-o', b'ConnectTimeout=30', b'-o', b'ControlPath="/home/vadimglinsky/.ansible/cp/352649776b"', b'192.168.174.136', b'/bin/sh -c \'sudo -H -S -p "[sudo via ansible, key=cywerajqasqqugdkozfqppscukzjdfvz] password:" -u root /bin/sh -c \'"\'"\'echo BECOME-SUCCESS-cywerajqasqqugdkozfqppscukzjdfvz ; /usr/bin/python3\'"\'"\' && sleep 0\'']...), pausing for 0 seconds
2026-06-30 12:57:16,868 p=21593 u=vadimglinsky n=ansible | <192.168.174.135> ssh_retry: attempt: 1, caught exception(Timeout (32s) waiting for privilege escalation prompt: ) from cmd ([b'ssh', b'-C', b'-o', b'ControlMaster=auto', b'-o', b'ControlPersist=60s', b'-o', b'StrictHostKeyChecking=no', b'-o', b'IdentityFile="/home/vadimglinsky/.ssh/id_rsa"', b'-o', b'KbdInteractiveAuthentication=no', b'-o', b'PreferredAuthentications=gssapi-with-mic,gssapi-keyex,hostbased,publickey', b'-o', b'PasswordAuthentication=no', b'-o', b'User="ubuntu"', b'-o', b'ConnectTimeout=30', b'-o', b'ControlPath="/home/vadimglinsky/.ansible/cp/44b4c32273"', b'192.168.174.135', b'/bin/sh -c \'sudo -H -S -p "[sudo via ansible, key=coffnkfnfwjfruwtpxtbocgbwsgspunw] password:" -u root /bin/sh -c \'"\'"\'echo BECOME-SUCCESS-coffnkfnfwjfruwtpxtbocgbwsgspunw ; /usr/bin/python3\'"\'"\' && sleep 0\'']...), pausing for 0 seconds
2026-06-30 12:57:16,869 p=21593 u=vadimglinsky n=ansible | <192.168.174.135> SSH: EXEC ssh -C -o ControlMaster=auto -o ControlPersist=60s -o StrictHostKeyChecking=no -o 'IdentityFile="/home/vadimglinsky/.ssh/id_rsa"' -o KbdInteractiveAuthentication=no -o PreferredAuthentications=gssapi-with-mic,gssapi-keyex,hostbased,publickey -o PasswordAuthentication=no -o 'User="ubuntu"' -o ConnectTimeout=30 -o 'ControlPath="/home/vadimglinsky/.ansible/cp/44b4c32273"' 192.168.174.135 '/bin/sh -c '"'"'sudo -H -S -p "[sudo via ansible, key=coffnkfnfwjfruwtpxtbocgbwsgspunw] password:" -u root /bin/sh -c '"'"'"'"'"'"'"'"'echo BECOME-SUCCESS-coffnkfnfwjfruwtpxtbocgbwsgspunw ; /usr/bin/python3'"'"'"'"'"'"'"'"' && sleep 0'"'"''
2026-06-30 12:57:16,869 p=21593 u=vadimglinsky n=ansible | <192.168.174.136> SSH: EXEC ssh -C -o ControlMaster=auto -o ControlPersist=60s -o StrictHostKeyChecking=no -o 'IdentityFile="/home/vadimglinsky/.ssh/id_rsa"' -o KbdInteractiveAuthentication=no -o PreferredAuthentications=gssapi-with-mic,gssapi-keyex,hostbased,publickey -o PasswordAuthentication=no -o 'User="ubuntu"' -o ConnectTimeout=30 -o 'ControlPath="/home/vadimglinsky/.ansible/cp/352649776b"' 192.168.174.136 '/bin/sh -c '"'"'sudo -H -S -p "[sudo via ansible, key=cywerajqasqqugdkozfqppscukzjdfvz] password:" -u root /bin/sh -c '"'"'"'"'"'"'"'"'echo BECOME-SUCCESS-cywerajqasqqugdkozfqppscukzjdfvz ; /usr/bin/python3'"'"'"'"'"'"'"'"' && sleep 0'"'"''
2026-06-30 12:57:33,243 p=21593 u=vadimglinsky n=ansible |  [ERROR]: User interrupted execution

2026-06-30 12:57:54,324 p=21817 u=vadimglinsky n=ansible | PLAY [SSH keys] ****************************************************************
2026-06-30 12:58:31,712 p=21817 u=vadimglinsky n=ansible |  [ERROR]: User interrupted execution

2026-06-30 12:59:08,679 p=22058 u=vadimglinsky n=ansible | PLAY [SSH keys] ****************************************************************
2026-06-30 12:59:20,420 p=22058 u=vadimglinsky n=ansible |  [ERROR]: User interrupted execution

2026-06-30 13:01:07,426 p=22520 u=vadimglinsky n=ansible | ERROR! the role 'ssh-keys' was not found in /home/vadimglinsky/Resume/ansible/deploy-postgre-cluster/roles:/home/vadimglinsky/Resume/ansible/deploy-postgre-cluster/roles:/home/vadimglinsky/Resume/ansible/deploy-postgre-cluster

The error appears to be in '/home/vadimglinsky/Resume/ansible/deploy-postgre-cluster/site.yml': line 6, column 7, but may
be elsewhere in the file depending on the exact syntax problem.

The offending line appears to be:

  roles:
    - role: ssh-keys
      ^ here

2026-06-30 13:01:16,649 p=22569 u=vadimglinsky n=ansible | PLAY [Configure servers] *******************************************************
2026-06-30 13:01:17,268 p=22569 u=vadimglinsky n=ansible | TASK [Gathering Facts] *********************************************************
2026-06-30 13:01:17,270 p=22569 u=vadimglinsky n=ansible | fatal: [node2]: FAILED! => {"ansible_facts": {}, "changed": false, "failed_modules": {"ansible.legacy.setup": {"failed": true, "module_stderr": "sudo-rs: interactive authentication is required\n", "module_stdout": "", "msg": "MODULE FAILURE\nSee stdout/stderr for the exact error", "rc": 1}}, "msg": "The following modules failed to execute: ansible.legacy.setup\n"}
2026-06-30 13:01:17,272 p=22569 u=vadimglinsky n=ansible | fatal: [node1]: FAILED! => {"ansible_facts": {}, "changed": false, "failed_modules": {"ansible.legacy.setup": {"failed": true, "module_stderr": "sudo-rs: interactive authentication is required\n", "module_stdout": "", "msg": "MODULE FAILURE\nSee stdout/stderr for the exact error", "rc": 1}}, "msg": "The following modules failed to execute: ansible.legacy.setup\n"}
2026-06-30 13:01:17,272 p=22569 u=vadimglinsky n=ansible | fatal: [node0]: FAILED! => {"ansible_facts": {}, "changed": false, "failed_modules": {"ansible.legacy.setup": {"failed": true, "module_stderr": "sudo-rs: interactive authentication is required\n", "module_stdout": "", "msg": "MODULE FAILURE\nSee stdout/stderr for the exact error", "rc": 1}}, "msg": "The following modules failed to execute: ansible.legacy.setup\n"}
2026-06-30 13:01:17,274 p=22569 u=vadimglinsky n=ansible | PLAY RECAP *********************************************************************
2026-06-30 13:01:17,275 p=22569 u=vadimglinsky n=ansible | node0                      : ok=0    changed=0    unreachable=0    failed=1    skipped=0    rescued=0    ignored=0   
2026-06-30 13:01:17,275 p=22569 u=vadimglinsky n=ansible | node1                      : ok=0    changed=0    unreachable=0    failed=1    skipped=0    rescued=0    ignored=0   
2026-06-30 13:01:17,275 p=22569 u=vadimglinsky n=ansible | node2                      : ok=0    changed=0    unreachable=0    failed=1    skipped=0    rescued=0    ignored=0   
2026-06-30 13:08:58,948 p=22844 u=vadimglinsky n=ansible | PLAY [Configure servers] *******************************************************
2026-06-30 13:09:02,219 p=22844 u=vadimglinsky n=ansible | TASK [Gathering Facts] *********************************************************
2026-06-30 13:09:02,220 p=22844 u=vadimglinsky n=ansible | ok: [node0]
2026-06-30 13:09:02,310 p=22844 u=vadimglinsky n=ansible | ok: [node1]
2026-06-30 13:09:02,485 p=22844 u=vadimglinsky n=ansible | ok: [node2]
2026-06-30 13:09:02,567 p=22844 u=vadimglinsky n=ansible | PLAY [Deploy Consul cluster] ***************************************************
2026-06-30 13:09:02,686 p=22844 u=vadimglinsky n=ansible | TASK [consul : Include OS-specific variables] **********************************
2026-06-30 13:09:02,687 p=22844 u=vadimglinsky n=ansible | ok: [node0] => (item=/home/vadimglinsky/Resume/ansible/deploy-postgre-cluster/roles/consul/vars/Debian.yml)
2026-06-30 13:09:02,688 p=22844 u=vadimglinsky n=ansible | ok: [node1] => (item=/home/vadimglinsky/Resume/ansible/deploy-postgre-cluster/roles/consul/vars/Debian.yml)
2026-06-30 13:09:02,689 p=22844 u=vadimglinsky n=ansible | ok: [node2] => (item=/home/vadimglinsky/Resume/ansible/deploy-postgre-cluster/roles/consul/vars/Debian.yml)
2026-06-30 13:09:02,749 p=22844 u=vadimglinsky n=ansible | [WARNING]: Could not match supplied host pattern, ignoring: postgres_servers

2026-06-30 13:09:02,750 p=22844 u=vadimglinsky n=ansible | PLAY [Deploy PostgreSQL] *******************************************************
2026-06-30 13:09:02,750 p=22844 u=vadimglinsky n=ansible | skipping: no hosts matched
2026-06-30 13:09:02,750 p=22844 u=vadimglinsky n=ansible | PLAY [Deploy Patroni (HA management)] ******************************************
2026-06-30 13:09:02,750 p=22844 u=vadimglinsky n=ansible | skipping: no hosts matched
2026-06-30 13:09:02,751 p=22844 u=vadimglinsky n=ansible | PLAY RECAP *********************************************************************
2026-06-30 13:09:02,751 p=22844 u=vadimglinsky n=ansible | node0                      : ok=2    changed=0    unreachable=0    failed=0    skipped=0    rescued=0    ignored=0   
2026-06-30 13:09:02,751 p=22844 u=vadimglinsky n=ansible | node1                      : ok=2    changed=0    unreachable=0    failed=0    skipped=0    rescued=0    ignored=0   
2026-06-30 13:09:02,751 p=22844 u=vadimglinsky n=ansible | node2                      : ok=2    changed=0    unreachable=0    failed=0    skipped=0    rescued=0    ignored=0   
